program
  class
    A
    attribute
      p
      Int
      -
        +
          1
          2
        3
    attribute
      q
      Int
      +
        -
          1
          2
        3
    attribute
      p
      Int
      /
        *
          1
          2
        3
    attribute
      q
      Int
      *
        /
          1
          2
        3
    attribute
      n
      Int
      +
        1
        /
          *
            2
            +
              3
              4
          -
            5
            ~
              6
